<html>
<body>
<pre>
<h1>µVision Build Log</h1>
<h2>Project:</h2>
C:\Users\robert-elder\SE-350\HelloWorld\HelloWord.uvproj
Project File Date:  01/10/2012

<h2>Output:</h2>
Build target 'Hello World SIM'
assembling startup_LPC17xx.s...
compiling system_LPC17xx.c...
compiling uart_polling.c...
compiling main.c...
main.c(2): error:  #5: cannot open source input file "systemLPC17xx.h": No such file or directory
Target not created
Build target 'Hello World SIM'
compiling main.c...
main.c(3): error:  #5: cannot open source input file "uartpolling.h": No such file or directory
Target not created
Build target 'Hello World SIM'
compiling main.c...
main.c(6): warning:  #223-D: function "uart0init" declared implicitly
main.c(7): warning:  #223-D: function "uart0putstring" declared implicitly
main.c(9): warning:  #1-D: last line of file ends without a newline
linking...
HelloWord.axf: Error: L6218E: Undefined symbol uart0init (referred from main.o).
HelloWord.axf: Error: L6218E: Undefined symbol uart0putstring (referred from main.o).
Target not created
Build target 'Hello World SIM'
compiling main.c...
main.c(6): warning:  #223-D: function "uart_0init" declared implicitly
main.c(7): warning:  #223-D: function "uart0putstring" declared implicitly
main.c(9): warning:  #1-D: last line of file ends without a newline
linking...
HelloWord.axf: Error: L6218E: Undefined symbol uart0putstring (referred from main.o).
HelloWord.axf: Error: L6218E: Undefined symbol uart_0init (referred from main.o).
Target not created
Build target 'Hello World SIM'
compiling main.c...
main.c(7): warning:  #223-D: function "uart0putstring" declared implicitly
main.c(9): warning:  #1-D: last line of file ends without a newline
linking...
HelloWord.axf: Error: L6218E: Undefined symbol uart0putstring (referred from main.o).
Target not created
Build target 'Hello World SIM'
compiling main.c...
main.c(7): warning:  #223-D: function "uart0_putstring" declared implicitly
main.c(9): warning:  #1-D: last line of file ends without a newline
linking...
HelloWord.axf: Error: L6218E: Undefined symbol uart0_putstring (referred from main.o).
Target not created
Build target 'Hello World SIM'
compiling main.c...
main.c(9): warning:  #1-D: last line of file ends without a newline
linking...
Program Size: Code=1160 RO-data=236 RW-data=4 ZI-data=612  
"HelloWord.axf" - 0 Error(s), 1 Warning(s).
Build target 'Hello World SIM'
compiling main.c...
linking...
Program Size: Code=1160 RO-data=236 RW-data=4 ZI-data=612  
"HelloWord.axf" - 0 Error(s), 0 Warning(s).
