<html>
<body>
<pre>
<h1>µVision Build Log</h1>
<h2>Project:</h2>
C:\Users\robert-elder\SE-350\HelloWorld\HelloWord.uvproj
Project File Date:  01/15/2012

<h2>Output:</h2>
Rebuild target 'Hello World SIM'
assembling startup_LPC17xx.s...
compiling system_LPC17xx.c...
compiling uart_polling.c...
compiling main.c...
main.c(13): warning:  #167-D: argument of type "char *" is incompatible with parameter of type "unsigned char *"
main.c(33): warning:  #550-D: variable "pChar" was set but never used
linking...
Program Size: Code=1256 RO-data=236 RW-data=8 ZI-data=608  
"HelloWord.axf" - 0 Error(s), 2 Warning(s).
Rebuild target 'Hello World SIM'
assembling startup_LPC17xx.s...
compiling system_LPC17xx.c...
compiling uart_polling.c...
compiling main.c...
main.c(33): warning:  #550-D: variable "pChar" was set but never used
linking...
Program Size: Code=1256 RO-data=236 RW-data=8 ZI-data=608  
"HelloWord.axf" - 0 Error(s), 1 Warning(s).
Rebuild target 'Hello World SIM'
assembling startup_LPC17xx.s...
compiling system_LPC17xx.c...
compiling uart_polling.c...
compiling main.c...
main.c(35): error:  #167: argument of type "char *" is incompatible with parameter of type "int"
Target not created
Rebuild target 'Hello World SIM'
assembling startup_LPC17xx.s...
compiling system_LPC17xx.c...
compiling uart_polling.c...
compiling main.c...
linking...
Program Size: Code=1296 RO-data=236 RW-data=8 ZI-data=608  
"HelloWord.axf" - 0 Error(s), 0 Warning(s).
Rebuild target 'Hello World SIM'
assembling startup_LPC17xx.s...
compiling system_LPC17xx.c...
compiling uart_polling.c...
compiling main.c...
linking...
Program Size: Code=1296 RO-data=236 RW-data=8 ZI-data=608  
"HelloWord.axf" - 0 Error(s), 0 Warning(s).
Rebuild target 'Hello World SIM'
assembling startup_LPC17xx.s...
compiling system_LPC17xx.c...
compiling uart_polling.c...
compiling main.c...
main.c(19): error:  #29: expected an expression
main.c(19): error:  #20: identifier "i" is undefined
main.c(25): warning:  #223-D: function "allocate_memory_block_at_index" declared implicitly
main.c(25): error:  #120: return value type does not match the function type
main.c(31): warning:  #223-D: function "allocate_memory_block_at_index" declared implicitly
main.c(31): error:  #120: return value type does not match the function type
main.c(33): error:  #268: declaration may not appear after executable statement in block
main.c(34): warning:  #111-D: statement is unreachable
main.c(34): error:  #20: identifier "pNumberOfMemoryBlocksAllocated" is undefined
main.c(44): error:  #20: identifier "pNumberOfMemoryBlocksAllocated" is undefined
Target not created
Rebuild target 'Hello World SIM'
assembling startup_LPC17xx.s...
compiling system_LPC17xx.c...
compiling uart_polling.c...
compiling main.c...
main.c(18): error:  #144: a value of type "unsigned int" cannot be used to initialize an entity of type "char *"
main.c(23): warning:  #940-D: missing return statement at end of non-void function "allocate_memory_block_at_index"
main.c(31): error:  #29: expected an expression
main.c(31): error:  #20: identifier "i" is undefined
main.c(49): error:  #20: identifier "pNumberOfMemoryBlocksAllocated" is undefined
Target not created
Rebuild target 'Hello World SIM'
assembling startup_LPC17xx.s...
compiling system_LPC17xx.c...
compiling uart_polling.c...
compiling main.c...
main.c(5): error:  #20: identifier "START_OF_MEMORY_ALLOCATION_TABLE" is undefined
main.c(5): error:  #65: expected a ";"
main.c(9): warning:  #12-D: parsing restarts here after previous syntax error
main.c(18): error:  #20: identifier "START_OF_MEMORY_ALLOCATION_TABLE" is undefined
main.c(23): warning:  #940-D: missing return statement at end of non-void function "allocate_memory_block_at_index"
main.c(31): error:  #29: expected an expression
main.c(31): error:  #20: identifier "i" is undefined
main.c(31): error:  #20: identifier "pMaxNumberOfMemoryBlocksEverAllocated" is undefined
main.c(34): error:  #20: identifier "START_OF_MEMORY_ALLOCATION_TABLE" is undefined
main.c(49): error:  #20: identifier "pNumberOfMemoryBlocksAllocated" is undefined
main.c(49): error:  #20: identifier "START_OF_MEMORY_ALLOCATION_TABLE" is undefined
Target not created
Rebuild target 'Hello World SIM'
assembling startup_LPC17xx.s...
compiling system_LPC17xx.c...
compiling uart_polling.c...
compiling main.c...
main.c(18): error:  #144: a value of type "unsigned int" cannot be used to initialize an entity of type "char *"
main.c(23): warning:  #940-D: missing return statement at end of non-void function "allocate_memory_block_at_index"
main.c(31): error:  #29: expected an expression
main.c(31): error:  #20: identifier "i" is undefined
main.c(49): error:  #20: identifier "pNumberOfMemoryBlocksAllocated" is undefined
Target not created
Rebuild target 'Hello World SIM'
assembling startup_LPC17xx.s...
compiling system_LPC17xx.c...
compiling uart_polling.c...
compiling main.c...
main.c(23): warning:  #940-D: missing return statement at end of non-void function "allocate_memory_block_at_index"
main.c(31): error:  #29: expected an expression
main.c(31): error:  #20: identifier "i" is undefined
main.c(49): error:  #20: identifier "pNumberOfMemoryBlocksAllocated" is undefined
Target not created
Rebuild target 'Hello World SIM'
assembling startup_LPC17xx.s...
compiling system_LPC17xx.c...
compiling uart_polling.c...
compiling main.c...
main.c(31): error:  #29: expected an expression
main.c(31): error:  #20: identifier "i" is undefined
main.c(49): error:  #20: identifier "pNumberOfMemoryBlocksAllocated" is undefined
Target not created
Rebuild target 'Hello World SIM'
assembling startup_LPC17xx.s...
compiling system_LPC17xx.c...
compiling uart_polling.c...
compiling main.c...
main.c(31): error:  #29: expected an expression
main.c(31): error:  #20: identifier "i" is undefined
main.c(49): error:  #20: identifier "pNumberOfMemoryBlocksAllocated" is undefined
Target not created
Rebuild target 'Hello World SIM'
assembling startup_LPC17xx.s...
compiling system_LPC17xx.c...
compiling uart_polling.c...
compiling main.c...
main.c(32): warning:  #174-D: expression has no effect
main.c(32): error:  #65: expected a ";"
main.c(35): error:  #513: a value of type "unsigned int" cannot be assigned to an entity of type "char *"
main.c(50): error:  #20: identifier "pNumberOfMemoryBlocksAllocated" is undefined
Target not created
Rebuild target 'Hello World SIM'
assembling startup_LPC17xx.s...
compiling system_LPC17xx.c...
compiling uart_polling.c...
compiling main.c...
main.c(32): warning:  #174-D: expression has no effect
main.c(35): error:  #513: a value of type "unsigned int" cannot be assigned to an entity of type "char *"
main.c(50): error:  #20: identifier "pNumberOfMemoryBlocksAllocated" is undefined
Target not created
Rebuild target 'Hello World SIM'
assembling startup_LPC17xx.s...
compiling system_LPC17xx.c...
compiling uart_polling.c...
compiling main.c...
main.c(35): error:  #513: a value of type "unsigned int" cannot be assigned to an entity of type "char *"
main.c(50): error:  #20: identifier "pNumberOfMemoryBlocksAllocated" is undefined
Target not created
Rebuild target 'Hello World SIM'
assembling startup_LPC17xx.s...
compiling system_LPC17xx.c...
compiling uart_polling.c...
compiling main.c...
main.c(50): error:  #20: identifier "pNumberOfMemoryBlocksAllocated" is undefined
Target not created
Rebuild target 'Hello World SIM'
assembling startup_LPC17xx.s...
compiling system_LPC17xx.c...
compiling uart_polling.c...
compiling main.c...
linking...
Program Size: Code=1356 RO-data=236 RW-data=8 ZI-data=608  
"HelloWord.axf" - 0 Error(s), 0 Warning(s).
Rebuild target 'Hello World SIM'
assembling startup_LPC17xx.s...
compiling system_LPC17xx.c...
compiling uart_polling.c...
compiling main.c...
main.c(55): error:  #268: declaration may not appear after executable statement in block
main.c(55): warning:  #177-D: variable "memoryBlockIndex" was declared but never referenced
Target not created
Rebuild target 'Hello World SIM'
assembling startup_LPC17xx.s...
compiling system_LPC17xx.c...
compiling uart_polling.c...
compiling main.c...
linking...
Program Size: Code=1556 RO-data=308 RW-data=8 ZI-data=608  
"HelloWord.axf" - 0 Error(s), 0 Warning(s).
Rebuild target 'Hello World SIM'
assembling startup_LPC17xx.s...
compiling system_LPC17xx.c...
compiling uart_polling.c...
compiling main.c...
main.c(82): warning:  #550-D: variable "pChar" was set but never used
linking...
Program Size: Code=1556 RO-data=308 RW-data=8 ZI-data=608  
"HelloWord.axf" - 0 Error(s), 1 Warning(s).
Rebuild target 'Hello World SIM'
assembling startup_LPC17xx.s...
compiling system_LPC17xx.c...
compiling uart_polling.c...
compiling main.c...
main.c(85): warning:  #550-D: variable "pChar" was set but never used
linking...
Program Size: Code=1628 RO-data=308 RW-data=8 ZI-data=608  
"HelloWord.axf" - 0 Error(s), 1 Warning(s).
Rebuild target 'Hello World SIM'
assembling startup_LPC17xx.s...
compiling system_LPC17xx.c...
compiling uart_polling.c...
compiling main.c...
main.c(26): error:  #20: identifier "i" is undefined
main.c(97): error:  #167: argument of type "char *" is incompatible with parameter of type "int"
Target not created
Rebuild target 'Hello World SIM'
assembling startup_LPC17xx.s...
compiling system_LPC17xx.c...
compiling uart_polling.c...
compiling main.c...
main.c(97): error:  #167: argument of type "char *" is incompatible with parameter of type "int"
Target not created
Rebuild target 'Hello World SIM'
assembling startup_LPC17xx.s...
compiling system_LPC17xx.c...
compiling uart_polling.c...
compiling main.c...
linking...
Program Size: Code=1740 RO-data=308 RW-data=8 ZI-data=608  
"HelloWord.axf" - 0 Error(s), 0 Warning(s).
Rebuild target 'Hello World SIM'
assembling startup_LPC17xx.s...
compiling system_LPC17xx.c...
compiling uart_polling.c...
compiling main.c...
linking...
Program Size: Code=1740 RO-data=308 RW-data=8 ZI-data=608  
"HelloWord.axf" - 0 Error(s), 0 Warning(s).
Rebuild target 'Hello World SIM'
assembling startup_LPC17xx.s...
compiling system_LPC17xx.c...
compiling uart_polling.c...
compiling main.c...
linking...
Program Size: Code=1740 RO-data=308 RW-data=8 ZI-data=608  
"HelloWord.axf" - 0 Error(s), 0 Warning(s).
Rebuild target 'Hello World SIM'
assembling startup_LPC17xx.s...
compiling system_LPC17xx.c...
compiling uart_polling.c...
compiling main.c...
linking...
Program Size: Code=1780 RO-data=308 RW-data=8 ZI-data=608  
"HelloWord.axf" - 0 Error(s), 0 Warning(s).
Rebuild target 'Hello World SIM'
assembling startup_LPC17xx.s...
compiling system_LPC17xx.c...
compiling uart_polling.c...
compiling main.c...
linking...
Program Size: Code=1780 RO-data=308 RW-data=8 ZI-data=608  
"HelloWord.axf" - 0 Error(s), 0 Warning(s).
Rebuild target 'Hello World SIM'
assembling startup_LPC17xx.s...
compiling system_LPC17xx.c...
compiling uart_polling.c...
compiling main.c...
linking...
Program Size: Code=1780 RO-data=308 RW-data=8 ZI-data=608  
"HelloWord.axf" - 0 Error(s), 0 Warning(s).
Rebuild target 'Hello World SIM'
assembling startup_LPC17xx.s...
compiling system_LPC17xx.c...
compiling uart_polling.c...
compiling main.c...
linking...
Program Size: Code=1780 RO-data=308 RW-data=8 ZI-data=608  
"HelloWord.axf" - 0 Error(s), 0 Warning(s).
Rebuild target 'Hello World SIM'
assembling startup_LPC17xx.s...
compiling system_LPC17xx.c...
compiling uart_polling.c...
compiling main.c...
linking...
Program Size: Code=1780 RO-data=308 RW-data=8 ZI-data=608  
"HelloWord.axf" - 0 Error(s), 0 Warning(s).
Rebuild target 'Hello World SIM'
assembling startup_LPC17xx.s...
compiling system_LPC17xx.c...
compiling uart_polling.c...
compiling main.c...
linking...
Program Size: Code=1780 RO-data=308 RW-data=8 ZI-data=608  
"HelloWord.axf" - 0 Error(s), 0 Warning(s).
Rebuild target 'Hello World SIM'
assembling startup_LPC17xx.s...
compiling system_LPC17xx.c...
compiling uart_polling.c...
compiling main.c...
linking...
Program Size: Code=1780 RO-data=308 RW-data=8 ZI-data=608  
"HelloWord.axf" - 0 Error(s), 0 Warning(s).
Rebuild target 'Hello World SIM'
assembling startup_LPC17xx.s...
compiling system_LPC17xx.c...
compiling uart_polling.c...
compiling main.c...
main.c(107): error:  #268: declaration may not appear after executable statement in block
main.c(107): error:  #144: a value of type "int" cannot be used to initialize an entity of type "char *"
main.c(108): warning:  #223-D: function "sprtinf" declared implicitly
main.c(108): error:  #20: identifier "s" is undefined
Target not created
Rebuild target 'Hello World SIM'
assembling startup_LPC17xx.s...
compiling system_LPC17xx.c...
compiling uart_polling.c...
compiling main.c...
linking...
Program Size: Code=1808 RO-data=308 RW-data=8 ZI-data=608  
"HelloWord.axf" - 0 Error(s), 0 Warning(s).
Rebuild target 'Hello World SIM'
assembling startup_LPC17xx.s...
compiling system_LPC17xx.c...
compiling uart_polling.c...
compiling main.c...
main.c(107): warning:  #177-D: variable "k" was declared but never referenced
linking...
Program Size: Code=1780 RO-data=308 RW-data=8 ZI-data=608  
"HelloWord.axf" - 0 Error(s), 1 Warning(s).
Rebuild target 'Hello World SIM'
assembling startup_LPC17xx.s...
compiling system_LPC17xx.c...
compiling uart_polling.c...
compiling main.c...
main.c(107): warning:  #177-D: variable "k" was declared but never referenced
linking...
Program Size: Code=1776 RO-data=308 RW-data=8 ZI-data=608  
"HelloWord.axf" - 0 Error(s), 1 Warning(s).
Rebuild target 'Hello World SIM'
assembling startup_LPC17xx.s...
compiling system_LPC17xx.c...
compiling uart_polling.c...
compiling main.c...
main.c(107): warning:  #177-D: variable "k" was declared but never referenced
linking...
Program Size: Code=1788 RO-data=308 RW-data=8 ZI-data=608  
"HelloWord.axf" - 0 Error(s), 1 Warning(s).
Rebuild target 'Hello World SIM'
assembling startup_LPC17xx.s...
compiling system_LPC17xx.c...
compiling uart_polling.c...
compiling main.c...
main.c(107): warning:  #177-D: variable "k" was declared but never referenced
linking...
Program Size: Code=1792 RO-data=308 RW-data=8 ZI-data=608  
"HelloWord.axf" - 0 Error(s), 1 Warning(s).
Rebuild target 'Hello World SIM'
assembling startup_LPC17xx.s...
compiling system_LPC17xx.c...
compiling uart_polling.c...
compiling main.c...
linking...
Program Size: Code=1792 RO-data=308 RW-data=8 ZI-data=608  
"HelloWord.axf" - 0 Error(s), 0 Warning(s).
