<html>
<body>
<pre>
<h1>µVision Build Log</h1>
<h2>Project:</h2>
D:\Users\Yiqing\nonwin\yqwork\ece\ece354\se350w12\manual_code\SVC\SVC.uvproj
Project File Date:  01/08/2012

<h2>Output:</h2>
Build target 'SVC SIM'
assembling startup_LPC17xx.s...
compiling system_LPC17xx.c...
compiling uart_polling.c...
compiling main_svc.c...
src\main_svc.c(30): warning:  #111-D: statement is unreachable
linking...
Program Size: Code=1248 RO-data=236 RW-data=4 ZI-data=612  
".\flash\SVC.axf" - 0 Error(s), 1 Warning(s).
Build target 'SVC SIM'
assembling startup_LPC17xx.s...
compiling system_LPC17xx.c...
compiling uart_polling.c...
compiling main_svc.c...
src\main_svc.c(30): warning:  #111-D: statement is unreachable
linking...
Program Size: Code=1248 RO-data=236 RW-data=4 ZI-data=612  
".\flash\SVC.axf" - 0 Error(s), 1 Warning(s).
Build target 'SVC SIM'
assembling startup_LPC17xx.s...
compiling system_LPC17xx.c...
compiling uart_polling.c...
compiling main_svc.c...
src\k_rtx.h(6): warning:  #1-D: last line of file ends without a newline
src\rtx.h(24): warning:  #1-D: last line of file ends without a newline
src\main_svc.c(33): warning:  #111-D: statement is unreachable
src\main_svc.c(15): warning:  #550-D: variable "ret_val" was set but never used
linking...
.\flash\SVC.axf: Error: L6218E: Undefined symbol k_release_processor (referred from main_svc.o).
Target not created
Build target 'SVC SIM'
assembling startup_LPC17xx.s...
compiling system_LPC17xx.c...
compiling uart_polling.c...
compiling main_svc.c...
src\k_rtx.h(6): warning:  #1-D: last line of file ends without a newline
src\rtx.h(24): warning:  #1-D: last line of file ends without a newline
src\main_svc.c(33): warning:  #111-D: statement is unreachable
src\main_svc.c(15): warning:  #550-D: variable "ret_val" was set but never used
compiling rtx.c...
src\rtx.c(12): warning:  #1-D: last line of file ends without a newline
linking...
Program Size: Code=1276 RO-data=236 RW-data=4 ZI-data=612  
".\flash\SVC.axf" - 0 Error(s), 5 Warning(s).
Build target 'SVC SIM'
assembling startup_LPC17xx.s...
compiling system_LPC17xx.c...
compiling uart_polling.c...
compiling main_svc.c...
src\k_rtx.h(6): warning:  #1-D: last line of file ends without a newline
src\rtx.h(24): warning:  #1-D: last line of file ends without a newline
src\main_svc.c(33): warning:  #111-D: statement is unreachable
src\main_svc.c(15): warning:  #550-D: variable "ret_val" was set but never used
compiling rtx.c...
linking...
Program Size: Code=1276 RO-data=236 RW-data=4 ZI-data=612  
".\flash\SVC.axf" - 0 Error(s), 4 Warning(s).
Build target 'SVC SIM'
assembling startup_LPC17xx.s...
compiling system_LPC17xx.c...
compiling uart_polling.c...
compiling main_svc.c...
src\rtx.h(24): warning:  #1-D: last line of file ends without a newline
src\main_svc.c(33): warning:  #111-D: statement is unreachable
src\main_svc.c(15): warning:  #550-D: variable "ret_val" was set but never used
compiling rtx.c...
linking...
Program Size: Code=1276 RO-data=236 RW-data=4 ZI-data=612  
".\flash\SVC.axf" - 0 Error(s), 3 Warning(s).
Build target 'SVC SIM'
assembling startup_LPC17xx.s...
compiling system_LPC17xx.c...
compiling uart_polling.c...
compiling main_svc.c...
src\main_svc.c(33): warning:  #111-D: statement is unreachable
src\main_svc.c(15): warning:  #550-D: variable "ret_val" was set but never used
compiling rtx.c...
linking...
Program Size: Code=1276 RO-data=236 RW-data=4 ZI-data=612  
".\flash\SVC.axf" - 0 Error(s), 2 Warning(s).
Build target 'SVC SIM'
assembling startup_LPC17xx.s...
compiling system_LPC17xx.c...
compiling uart_polling.c...
compiling main_svc.c...
src\main_svc.c(33): warning:  #111-D: statement is unreachable
compiling rtx.c...
linking...
Program Size: Code=1276 RO-data=236 RW-data=4 ZI-data=612  
".\flash\SVC.axf" - 0 Error(s), 1 Warning(s).
Build target 'SVC SIM'
assembling startup_LPC17xx.s...
compiling system_LPC17xx.c...
compiling uart_polling.c...
compiling main_svc.c...
src\main_svc.c(33): warning:  #111-D: statement is unreachable
compiling rtx.c...
compiling hal.c...
src\hal.c(24): warning:  #1-D: last line of file ends without a newline
linking...
Program Size: Code=1312 RO-data=236 RW-data=4 ZI-data=612  
".\flash\SVC.axf" - 0 Error(s), 2 Warning(s).
Build target 'SVC SIM'
assembling startup_LPC17xx.s...
compiling system_LPC17xx.c...
compiling uart_polling.c...
compiling main_svc.c...
src\main_svc.c(33): warning:  #111-D: statement is unreachable
compiling rtx.c...
compiling hal.c...
src\hal.c(25): warning:  #1-D: last line of file ends without a newline
linking...
Program Size: Code=1312 RO-data=236 RW-data=4 ZI-data=612  
".\flash\SVC.axf" - 0 Error(s), 2 Warning(s).
Build target 'SVC SIM'
assembling startup_LPC17xx.s...
compiling system_LPC17xx.c...
compiling uart_polling.c...
compiling main_svc.c...
src\main_svc.c(33): warning:  #111-D: statement is unreachable
compiling rtx.c...
compiling hal.c...
linking...
Program Size: Code=1312 RO-data=236 RW-data=4 ZI-data=612  
".\flash\SVC.axf" - 0 Error(s), 1 Warning(s).
Build target 'SVC SIM'
assembling startup_LPC17xx.s...
compiling system_LPC17xx.c...
compiling uart_polling.c...
compiling main_svc.c...
src\main_svc.c(33): warning:  #111-D: statement is unreachable
compiling rtx.c...
compiling hal.c...
linking...
Program Size: Code=1316 RO-data=236 RW-data=4 ZI-data=612  
".\flash\SVC.axf" - 0 Error(s), 1 Warning(s).
Build target 'SVC SIM'
assembling startup_LPC17xx.s...
compiling system_LPC17xx.c...
compiling uart_polling.c...
compiling main_svc.c...
src\main_svc.c(18): error:  #20: identifier "release_processor" is undefined
src\main_svc.c(35): error:  #65: expected a ";"
compiling rtx.c...
compiling hal.c...
Target not created
Build target 'SVC SIM'
assembling startup_LPC17xx.s...
compiling system_LPC17xx.c...
compiling uart_polling.c...
compiling main_svc.c...
compiling rtx.c...
compiling hal.c...
linking...
Program Size: Code=984 RO-data=332 RW-data=4 ZI-data=612  
".\flash\SVC.axf" - 0 Error(s), 0 Warning(s).
Build target 'SVC SIM'
assembling startup_LPC17xx.s...
compiling system_LPC17xx.c...
compiling uart_polling.c...
compiling main_svc.c...
compiling rtx.c...
compiling hal.c...
linking...
Program Size: Code=1260 RO-data=236 RW-data=4 ZI-data=612  
".\flash\SVC.axf" - 0 Error(s), 0 Warning(s).
Build target 'SVC SIM'
assembling startup_LPC17xx.s...
compiling system_LPC17xx.c...
compiling uart_polling.c...
compiling main_svc.c...
compiling rtx.c...
compiling hal.c...
linking...
Program Size: Code=1264 RO-data=236 RW-data=4 ZI-data=612  
".\flash\SVC.axf" - 0 Error(s), 0 Warning(s).
Build target 'SVC SIM'
assembling startup_LPC17xx.s...
compiling system_LPC17xx.c...
compiling uart_polling.c...
compiling main_svc.c...
compiling rtx.c...
compiling hal.c...
linking...
Program Size: Code=1308 RO-data=236 RW-data=4 ZI-data=612  
".\flash\SVC.axf" - 0 Error(s), 0 Warning(s).
Build target 'SVC SIM'
assembling startup_LPC17xx.s...
compiling system_LPC17xx.c...
compiling uart_polling.c...
compiling main_svc.c...
compiling rtx.c...
compiling hal.c...
compiling Retarget.c...
linking...
Program Size: Code=1384 RO-data=236 RW-data=4 ZI-data=612  
".\flash\SVC.axf" - 0 Error(s), 0 Warning(s).
Build target 'SVC SIM'
assembling startup_LPC17xx.s...
compiling system_LPC17xx.c...
compiling uart_polling.c...
compiling main_svc.c...
src\main_svc.c(23): warning:  #223-D: function "printf" declared implicitly
compiling rtx.c...
compiling hal.c...
compiling Retarget.c...
linking...
Program Size: Code=1936 RO-data=236 RW-data=12 ZI-data=612  
".\flash\SVC.axf" - 0 Error(s), 1 Warning(s).
Build target 'SVC SIM'
assembling startup_LPC17xx.s...
compiling system_LPC17xx.c...
compiling uart_polling.c...
compiling main_svc.c...
compiling rtx.c...
compiling hal.c...
compiling Retarget.c...
linking...
Program Size: Code=1936 RO-data=236 RW-data=12 ZI-data=612  
".\flash\SVC.axf" - 0 Error(s), 0 Warning(s).
Build target 'SVC SIM'
assembling startup_LPC17xx.s...
compiling system_LPC17xx.c...
compiling uart_polling.c...
compiling main_svc.c...
compiling rtx.c...
compiling hal.c...
compiling Retarget.c...
linking...
Program Size: Code=1936 RO-data=236 RW-data=12 ZI-data=612  
".\flash\SVC.axf" - 0 Error(s), 0 Warning(s).
Build target 'SVC SIM'
assembling startup_LPC17xx.s...
compiling system_LPC17xx.c...
compiling uart_polling.c...
compiling main_svc.c...
compiling rtx.c...
compiling hal.c...
compiling Retarget.c...
linking...
Program Size: Code=1384 RO-data=236 RW-data=4 ZI-data=612  
".\flash\SVC.axf" - 0 Error(s), 0 Warning(s).
Build target 'SVC SIM'
assembling startup_LPC17xx.s...
compiling system_LPC17xx.c...
compiling uart_polling.c...
compiling main_svc.c...
compiling rtx.c...
compiling hal.c...
compiling Retarget.c...
linking...
Program Size: Code=1936 RO-data=236 RW-data=12 ZI-data=612  
".\flash\SVC.axf" - 0 Error(s), 0 Warning(s).
Build target 'SVC SIM'
assembling startup_LPC17xx.s...
compiling system_LPC17xx.c...
compiling uart_polling.c...
compiling main_svc.c...
compiling rtx.c...
compiling hal.c...
compiling Retarget.c...
linking...
Program Size: Code=1604 RO-data=236 RW-data=12 ZI-data=516  
".\flash\SVC.axf" - 0 Error(s), 0 Warning(s).
Build target 'SVC SIM'
assembling startup_LPC17xx.s...
compiling system_LPC17xx.c...
compiling uart_polling.c...
compiling main_svc.c...
compiling rtx.c...
compiling Retarget.c...
compiling HAL.c...
linking...
Program Size: Code=1604 RO-data=236 RW-data=12 ZI-data=516  
".\flash\SVC.axf" - 0 Error(s), 0 Warning(s).
Build target 'SVC SIM'
assembling startup_LPC17xx.s...
compiling system_LPC17xx.c...
compiling uart_polling.c...
compiling main_svc.c...
src\rtx.h(6): warning:  #47-D: incompatible redefinition of macro "BIT" (declared at line 27 of "src\uart_polling.h")
compiling rtx.c...
compiling Retarget.c...
compiling HAL.c...
linking...
Program Size: Code=1112 RO-data=236 RW-data=4 ZI-data=516  
".\flash\SVC.axf" - 0 Error(s), 1 Warning(s).
Build target 'SVC SIM'
assembling startup_LPC17xx.s...
compiling system_LPC17xx.c...
compiling uart_polling.c...
compiling main_svc.c...
compiling rtx.c...
compiling Retarget.c...
compiling HAL.c...
linking...
Program Size: Code=1112 RO-data=236 RW-data=4 ZI-data=516  
".\flash\SVC.axf" - 0 Error(s), 0 Warning(s).
Build target 'SVC SIM'
assembling startup_LPC17xx.s...
compiling system_LPC17xx.c...
compiling uart_polling.c...
compiling main_svc.c...
compiling rtx.c...
compiling Retarget.c...
compiling HAL.c...
linking...
Program Size: Code=1072 RO-data=244 RW-data=4 ZI-data=516  
".\flash\SVC.axf" - 0 Error(s), 0 Warning(s).
Build target 'SVC SIM'
assembling startup_LPC17xx.s...
compiling system_LPC17xx.c...
compiling uart_polling.c...
compiling main_svc.c...
compiling rtx.c...
compiling Retarget.c...
compiling HAL.c...
linking...
Program Size: Code=1604 RO-data=236 RW-data=12 ZI-data=516  
".\flash\SVC.axf" - 0 Error(s), 0 Warning(s).
Build target 'SVC SIM'
assembling startup_LPC17xx.s...
compiling system_LPC17xx.c...
compiling uart_polling.c...
compiling main_svc.c...
compiling rtx.c...
compiling Retarget.c...
compiling HAL.c...
linking...
Program Size: Code=1604 RO-data=236 RW-data=12 ZI-data=516  
".\flash\SVC.axf" - 0 Error(s), 0 Warning(s).
Build target 'SVC SIM'
assembling startup_LPC17xx.s...
compiling system_LPC17xx.c...
compiling uart_polling.c...
compiling main_svc.c...
compiling rtx.c...
compiling Retarget.c...
compiling HAL.c...
linking...
Program Size: Code=1604 RO-data=236 RW-data=12 ZI-data=516  
".\flash\SVC.axf" - 0 Error(s), 0 Warning(s).
Build target 'SVC SIM'
assembling startup_LPC17xx.s...
compiling system_LPC17xx.c...
compiling uart_polling.c...
compiling main_svc.c...
compiling rtx.c...
compiling Retarget.c...
compiling HAL.c...
linking...
Program Size: Code=1628 RO-data=236 RW-data=12 ZI-data=516  
".\flash\SVC.axf" - 0 Error(s), 0 Warning(s).
Build target 'SVC SIM'
assembling startup_LPC17xx.s...
compiling system_LPC17xx.c...
compiling uart_polling.c...
compiling main_svc.c...
compiling rtx.c...
compiling Retarget.c...
compiling HAL.c...
linking...
Program Size: Code=1628 RO-data=236 RW-data=12 ZI-data=516  
".\flash\SVC.axf" - 0 Error(s), 0 Warning(s).
Build target 'SVC SIM'
assembling startup_LPC17xx.s...
compiling system_LPC17xx.c...
compiling uart_polling.c...
compiling main_svc.c...
compiling rtx.c...
compiling Retarget.c...
compiling HAL.c...
linking...
Program Size: Code=1640 RO-data=236 RW-data=12 ZI-data=516  
".\flash\SVC.axf" - 0 Error(s), 0 Warning(s).
Build target 'SVC SIM'
assembling startup_LPC17xx.s...
compiling system_LPC17xx.c...
compiling uart_polling.c...
compiling main_svc.c...
compiling rtx.c...
compiling Retarget.c...
compiling HAL.c...
linking...
Program Size: Code=1640 RO-data=236 RW-data=12 ZI-data=516  
".\flash\SVC.axf" - 0 Error(s), 0 Warning(s).
Build target 'SVC SIM'
assembling startup_LPC17xx.s...
compiling system_LPC17xx.c...
compiling uart_polling.c...
compiling main_svc.c...
compiling rtx.c...
compiling Retarget.c...
compiling HAL.c...
linking...
Program Size: Code=1628 RO-data=236 RW-data=12 ZI-data=516  
".\flash\SVC.axf" - 0 Error(s), 0 Warning(s).
Build target 'SVC SIM'
assembling startup_LPC17xx.s...
compiling system_LPC17xx.c...
compiling uart_polling.c...
compiling main_svc.c...
compiling rtx.c...
compiling Retarget.c...
compiling HAL.c...
linking...
Program Size: Code=1628 RO-data=236 RW-data=12 ZI-data=516  
".\flash\SVC.axf" - 0 Error(s), 0 Warning(s).
