<html>
<body>
<pre>
<h1>µVision Build Log</h1>
<h2>Project:</h2>
P:\code\non_cvs\se350w12\manual_code\lab1_release\UART_polling\UART_polling.uvproj
Project File Date:  12/21/2011

<h2>Output:</h2>
Build Project 'UART_polling' - Target 'UART_polling SIM'
assembling startup_LPC17xx.s...
compiling system_LPC17xx.c...
compiling uart_polling.c...
compiling main_uart_polling.c...
linking...
Program Size: Code=1216 RO-data=236 RW-data=4 ZI-data=612  
".\FLASH\UART_polling.axf" - 0 Error(s), 0 Warning(s).
