<html>
<body>
<pre>
<h1>µVision Build Log</h1>
<h2>Project:</h2>
C:\Users\robert-elder\SE-350\Lab1\mem.uvproj
Project File Date:  01/23/2012

<h2>Output:</h2>
Rebuild target 'Lab1'
assembling startup_LPC17xx.s...
compiling system_LPC17xx.c...
compiling uart_polling.c...
compiling main.c...
src\main.c(6): warning:  #1296-D: extended constant initialiser used
linking...
Program Size: Code=1712 RO-data=308 RW-data=12 ZI-data=612  
"Lab1.axf" - 0 Error(s), 1 Warning(s).
Rebuild target 'Lab1'
assembling startup_LPC17xx.s...
compiling system_LPC17xx.c...
compiling uart_polling.c...
compiling main.c...
src\main.c(6): warning:  #1296-D: extended constant initialiser used
src\main.c(105): error:  #165: too few arguments in function call
Target not created
Rebuild target 'Lab1'
assembling startup_LPC17xx.s...
compiling system_LPC17xx.c...
compiling uart_polling.c...
compiling main.c...
src\main.c(6): warning:  #1296-D: extended constant initialiser used
src\main.c(105): error:  #165: too few arguments in function call
Target not created
Rebuild target 'Lab1'
assembling startup_LPC17xx.s...
compiling system_LPC17xx.c...
compiling uart_polling.c...
compiling main.c...
src\main.c(6): warning:  #1296-D: extended constant initialiser used
linking...
Program Size: Code=1728 RO-data=308 RW-data=12 ZI-data=612  
"Lab1.axf" - 0 Error(s), 1 Warning(s).
Rebuild target 'Lab1'
assembling startup_LPC17xx.s...
compiling system_LPC17xx.c...
compiling uart_polling.c...
compiling main.c...
src\main.c(6): warning:  #1296-D: extended constant initialiser used
linking...
Program Size: Code=1736 RO-data=308 RW-data=12 ZI-data=612  
"Lab1.axf" - 0 Error(s), 1 Warning(s).
Rebuild target 'Lab1'
assembling startup_LPC17xx.s...
compiling system_LPC17xx.c...
compiling uart_polling.c...
compiling main.c...
src\main.c(6): warning:  #1296-D: extended constant initialiser used
linking...
Program Size: Code=1800 RO-data=308 RW-data=12 ZI-data=612  
"Lab1.axf" - 0 Error(s), 1 Warning(s).
Rebuild target 'Lab1'
assembling startup_LPC17xx.s...
compiling system_LPC17xx.c...
compiling uart_polling.c...
compiling main.c...
src\main.c(6): warning:  #1296-D: extended constant initialiser used
linking...
Program Size: Code=1924 RO-data=308 RW-data=12 ZI-data=612  
"Lab1.axf" - 0 Error(s), 1 Warning(s).
Rebuild target 'Lab1'
assembling startup_LPC17xx.s...
compiling system_LPC17xx.c...
compiling uart_polling.c...
compiling main.c...
src\main.c(6): warning:  #1296-D: extended constant initialiser used
linking...
Program Size: Code=1924 RO-data=308 RW-data=12 ZI-data=612  
"Lab1.axf" - 0 Error(s), 1 Warning(s).
Rebuild target 'Lab1'
assembling startup_LPC17xx.s...
compiling system_LPC17xx.c...
compiling uart_polling.c...
compiling main.c...
src\main.c(6): warning:  #1296-D: extended constant initialiser used
linking...
Program Size: Code=1828 RO-data=308 RW-data=12 ZI-data=612  
"Lab1.axf" - 0 Error(s), 1 Warning(s).
Rebuild target 'Lab1'
assembling startup_LPC17xx.s...
compiling system_LPC17xx.c...
compiling uart_polling.c...
compiling main.c...
src\main.c(6): warning:  #1296-D: extended constant initialiser used
linking...
Program Size: Code=1776 RO-data=308 RW-data=12 ZI-data=612  
"Lab1.axf" - 0 Error(s), 1 Warning(s).
