<html>
<body>
<pre>
<h1>µVision Build Log</h1>
<h2>Project:</h2>
C:\Users\robert-elder\SE-350\Lab1\mem.uvproj
Project File Date:  01/23/2012

<h2>Output:</h2>
Rebuild target 'Lab1'
assembling startup_LPC17xx.s...
compiling system_LPC17xx.c...
compiling uart_polling.c...
compiling main.c...
src\main.c(6): warning:  #1296-D: extended constant initialiser used
linking...
Program Size: Code=2640 RO-data=308 RW-data=20 ZI-data=612  
"Lab1.axf" - 0 Error(s), 1 Warning(s).
Rebuild target 'Lab1'
assembling startup_LPC17xx.s...
compiling system_LPC17xx.c...
compiling uart_polling.c...
compiling main.c...
src\main.c(6): warning:  #1296-D: extended constant initialiser used
linking...
Program Size: Code=2640 RO-data=308 RW-data=20 ZI-data=612  
"Lab1.axf" - 0 Error(s), 1 Warning(s).
Rebuild target 'Lab1'
assembling startup_LPC17xx.s...
compiling system_LPC17xx.c...
compiling uart_polling.c...
compiling main.c...
src\main.c(7): warning:  #1296-D: extended constant initialiser used
compiling utils.c...
src\utils.c(1): warning:  #1-D: last line of file ends without a newline
linking...
Program Size: Code=2640 RO-data=308 RW-data=20 ZI-data=612  
"Lab1.axf" - 0 Error(s), 2 Warning(s).
Rebuild target 'Lab1'
assembling startup_LPC17xx.s...
compiling system_LPC17xx.c...
compiling uart_polling.c...
compiling main.c...
src\main.c(7): warning:  #1296-D: extended constant initialiser used
compiling utils.c...
linking...
Program Size: Code=2640 RO-data=308 RW-data=20 ZI-data=612  
"Lab1.axf" - 0 Error(s), 1 Warning(s).
Rebuild target 'Lab1'
assembling startup_LPC17xx.s...
compiling system_LPC17xx.c...
compiling uart_polling.c...
compiling main.c...
src\main.c(7): warning:  #1296-D: extended constant initialiser used
src\main.c(61): warning:  #223-D: function "pow" declared implicitly
compiling utils.c...
src\utils.c(9): warning:  #1-D: last line of file ends without a newline
linking...
Program Size: Code=2636 RO-data=308 RW-data=20 ZI-data=612  
"Lab1.axf" - 0 Error(s), 3 Warning(s).
Rebuild target 'Lab1'
assembling startup_LPC17xx.s...
compiling system_LPC17xx.c...
compiling uart_polling.c...
compiling main.c...
src\utils.h(4): warning:  #1-D: last line of file ends without a newline
src\main.c(7): warning:  #1296-D: extended constant initialiser used
compiling utils.c...
src\utils.h(4): warning:  #1-D: last line of file ends without a newline
src\utils.c(9): warning:  #1-D: last line of file ends without a newline
linking...
Program Size: Code=2636 RO-data=308 RW-data=20 ZI-data=612  
"Lab1.axf" - 0 Error(s), 4 Warning(s).
Rebuild target 'Lab1'
assembling startup_LPC17xx.s...
compiling system_LPC17xx.c...
compiling uart_polling.c...
compiling main.c...
src\utils.h(4): warning:  #1-D: last line of file ends without a newline
src\main.c(7): warning:  #1296-D: extended constant initialiser used
compiling utils.c...
src\utils.h(4): warning:  #1-D: last line of file ends without a newline
linking...
Program Size: Code=2636 RO-data=308 RW-data=20 ZI-data=612  
"Lab1.axf" - 0 Error(s), 3 Warning(s).
Rebuild target 'Lab1'
assembling startup_LPC17xx.s...
compiling system_LPC17xx.c...
compiling uart_polling.c...
compiling main.c...
src\main.c(7): warning:  #1296-D: extended constant initialiser used
compiling utils.c...
linking...
Program Size: Code=2636 RO-data=308 RW-data=20 ZI-data=612  
"Lab1.axf" - 0 Error(s), 1 Warning(s).
Rebuild target 'Lab1'
assembling startup_LPC17xx.s...
compiling system_LPC17xx.c...
compiling uart_polling.c...
compiling main.c...
src\main.c(7): warning:  #1296-D: extended constant initialiser used
src\main.c(194): error:  #109: expression must have (pointer-to-) function type
src\main.c(252): error:  #109: expression must have (pointer-to-) function type
compiling utils.c...
src\utils.c(11): error:  #147: declaration is incompatible with "unsigned int get_random" (declared at line 9 of "src\utils.h")
Target not created
Rebuild target 'Lab1'
assembling startup_LPC17xx.s...
compiling system_LPC17xx.c...
compiling uart_polling.c...
compiling main.c...
src\main.c(7): warning:  #1296-D: extended constant initialiser used
src\main.c(194): error:  #109: expression must have (pointer-to-) function type
src\main.c(252): error:  #109: expression must have (pointer-to-) function type
compiling utils.c...
src\utils.c(11): error:  #147: declaration is incompatible with "unsigned int get_random" (declared at line 9 of "src\utils.h")
Target not created
Rebuild target 'Lab1'
assembling startup_LPC17xx.s...
compiling system_LPC17xx.c...
compiling uart_polling.c...
compiling main.c...
src\main.c(7): warning:  #1296-D: extended constant initialiser used
src\main.c(194): error:  #109: expression must have (pointer-to-) function type
src\main.c(252): error:  #109: expression must have (pointer-to-) function type
compiling utils.c...
src\utils.c(11): error:  #147: declaration is incompatible with "unsigned int get_random" (declared at line 9 of "src\utils.h")
Target not created
Rebuild target 'Lab1'
assembling startup_LPC17xx.s...
compiling system_LPC17xx.c...
compiling uart_polling.c...
compiling main.c...
src\utils.h(9): warning:  #1295-D: Deprecated declaration get_random - give arg types
src\main.c(7): warning:  #1296-D: extended constant initialiser used
compiling utils.c...
src\utils.h(9): warning:  #1295-D: Deprecated declaration get_random - give arg types
linking...
Lab1.axf: Error: L6200E: Symbol RANDOM_NUMBER_GENERATOR_m_w multiply defined (by utils.o and main.o).
Lab1.axf: Error: L6200E: Symbol RANDOM_NUMBER_GENERATOR_m_z multiply defined (by utils.o and main.o).
Target not created
Rebuild target 'Lab1'
assembling startup_LPC17xx.s...
compiling system_LPC17xx.c...
compiling uart_polling.c...
compiling main.c...
src\utils.h(9): warning:  #1295-D: Deprecated declaration get_random - give arg types
src\main.c(7): warning:  #1296-D: extended constant initialiser used
compiling utils.c...
src\utils.h(9): warning:  #1295-D: Deprecated declaration get_random - give arg types
linking...
Lab1.axf: Error: L6200E: Symbol RANDOM_NUMBER_GENERATOR_m_w multiply defined (by utils.o and main.o).
Lab1.axf: Error: L6200E: Symbol RANDOM_NUMBER_GENERATOR_m_z multiply defined (by utils.o and main.o).
Target not created
Rebuild target 'Lab1'
assembling startup_LPC17xx.s...
compiling system_LPC17xx.c...
compiling uart_polling.c...
compiling main.c...
src\utils.h(9): warning:  #1295-D: Deprecated declaration get_random - give arg types
src\main.c(7): warning:  #1296-D: extended constant initialiser used
compiling utils.c...
src\utils.h(9): warning:  #1295-D: Deprecated declaration get_random - give arg types
src\utils.c(11): error:  #148: variable "RANDOM_NUMBER_GENERATOR_m_w" has already been initialized
src\utils.c(12): error:  #148: variable "RANDOM_NUMBER_GENERATOR_m_z" has already been initialized
Target not created
Rebuild target 'Lab1'
assembling startup_LPC17xx.s...
compiling system_LPC17xx.c...
compiling uart_polling.c...
compiling main.c...
src\utils.h(9): warning:  #1295-D: Deprecated declaration get_random - give arg types
src\main.c(7): warning:  #1296-D: extended constant initialiser used
compiling utils.c...
src\utils.h(9): warning:  #1295-D: Deprecated declaration get_random - give arg types
src\utils.c(11): error:  #148: variable "RANDOM_NUMBER_GENERATOR_m_w" has already been initialized
src\utils.c(12): error:  #148: variable "RANDOM_NUMBER_GENERATOR_m_z" has already been initialized
Target not created
Rebuild target 'Lab1'
assembling startup_LPC17xx.s...
compiling system_LPC17xx.c...
compiling uart_polling.c...
compiling main.c...
src\utils.h(9): warning:  #1295-D: Deprecated declaration get_random - give arg types
src\main.c(7): warning:  #1296-D: extended constant initialiser used
compiling utils.c...
src\utils.h(9): warning:  #1295-D: Deprecated declaration get_random - give arg types
linking...
Lab1.axf: Error: L6200E: Symbol RANDOM_NUMBER_GENERATOR_m_w multiply defined (by utils.o and main.o).
Lab1.axf: Error: L6200E: Symbol RANDOM_NUMBER_GENERATOR_m_z multiply defined (by utils.o and main.o).
Target not created
Rebuild target 'Lab1'
assembling startup_LPC17xx.s...
compiling system_LPC17xx.c...
compiling uart_polling.c...
compiling main.c...
src\utils.h(9): warning:  #1295-D: Deprecated declaration get_random - give arg types
src\main.c(7): warning:  #1296-D: extended constant initialiser used
compiling utils.c...
src\utils.h(9): warning:  #1295-D: Deprecated declaration get_random - give arg types
linking...
Lab1.axf: Error: L6200E: Symbol RANDOM_NUMBER_GENERATOR_m_w multiply defined (by utils.o and main.o).
Lab1.axf: Error: L6200E: Symbol RANDOM_NUMBER_GENERATOR_m_z multiply defined (by utils.o and main.o).
Target not created
Rebuild target 'Lab1'
assembling startup_LPC17xx.s...
compiling system_LPC17xx.c...
compiling uart_polling.c...
compiling main.c...
src\utils.h(9): warning:  #1295-D: Deprecated declaration get_random - give arg types
src\main.c(7): warning:  #1296-D: extended constant initialiser used
compiling utils.c...
src\utils.h(9): warning:  #1295-D: Deprecated declaration get_random - give arg types
linking...
Lab1.axf: Error: L6200E: Symbol RANDOM_NUMBER_GENERATOR_m_w multiply defined (by utils.o and main.o).
Lab1.axf: Error: L6200E: Symbol RANDOM_NUMBER_GENERATOR_m_z multiply defined (by utils.o and main.o).
Target not created
Build target 'Lab1'
compiling main.c...
src\utils.h(9): warning:  #1295-D: Deprecated declaration get_random - give arg types
src\main.c(7): warning:  #1296-D: extended constant initialiser used
linking...
Lab1.axf: Error: L6200E: Symbol RANDOM_NUMBER_GENERATOR_m_w multiply defined (by utils.o and main.o).
Lab1.axf: Error: L6200E: Symbol RANDOM_NUMBER_GENERATOR_m_z multiply defined (by utils.o and main.o).
Target not created
Rebuild target 'Lab1'
assembling startup_LPC17xx.s...
compiling system_LPC17xx.c...
compiling uart_polling.c...
compiling main.c...
src\utils.h(9): warning:  #1295-D: Deprecated declaration get_random - give arg types
src\main.c(7): warning:  #1296-D: extended constant initialiser used
compiling utils.c...
src\utils.h(9): warning:  #1295-D: Deprecated declaration get_random - give arg types
linking...
Lab1.axf: Error: L6200E: Symbol RANDOM_NUMBER_GENERATOR_m_w multiply defined (by utils.o and main.o).
Lab1.axf: Error: L6200E: Symbol RANDOM_NUMBER_GENERATOR_m_z multiply defined (by utils.o and main.o).
Target not created
Rebuild target 'Lab1'
assembling startup_LPC17xx.s...
compiling system_LPC17xx.c...
compiling uart_polling.c...
compiling main.c...
src\utils.h(9): warning:  #1295-D: Deprecated declaration get_random - give arg types
src\main.c(7): warning:  #1296-D: extended constant initialiser used
compiling utils.c...
src\utils.h(9): warning:  #1295-D: Deprecated declaration get_random - give arg types
linking...
Lab1.axf: Error: L6200E: Symbol RANDOM_NUMBER_GENERATOR_m_w multiply defined (by utils.o and main.o).
Lab1.axf: Error: L6200E: Symbol RANDOM_NUMBER_GENERATOR_m_z multiply defined (by utils.o and main.o).
Target not created
Rebuild target 'Lab1'
assembling startup_LPC17xx.s...
compiling system_LPC17xx.c...
compiling uart_polling.c...
compiling main.c...
src\utils.h(9): warning:  #1295-D: Deprecated declaration get_random - give arg types
src\main.c(7): warning:  #1296-D: extended constant initialiser used
compiling utils.c...
src\utils.h(9): warning:  #1295-D: Deprecated declaration get_random - give arg types
linking...
Lab1.axf: Error: L6200E: Symbol RANDOM_NUMBER_GENERATOR_m_w multiply defined (by utils.o and main.o).
Lab1.axf: Error: L6200E: Symbol RANDOM_NUMBER_GENERATOR_m_z multiply defined (by utils.o and main.o).
Target not created
Rebuild target 'Lab1'
assembling startup_LPC17xx.s...
compiling system_LPC17xx.c...
compiling uart_polling.c...
compiling main.c...
src\utils.h(9): warning:  #1295-D: Deprecated declaration get_random - give arg types
src\main.c(7): warning:  #1296-D: extended constant initialiser used
compiling utils.c...
src\utils.h(9): warning:  #1295-D: Deprecated declaration get_random - give arg types
linking...
Lab1.axf: Error: L6200E: Symbol RANDOM_NUMBER_GENERATOR_m_w multiply defined (by utils.o and main.o).
Lab1.axf: Error: L6200E: Symbol RANDOM_NUMBER_GENERATOR_m_z multiply defined (by utils.o and main.o).
Target not created
Rebuild target 'Lab1'
assembling startup_LPC17xx.s...
compiling system_LPC17xx.c...
compiling uart_polling.c...
compiling main.c...
src\utils.h(9): warning:  #1295-D: Deprecated declaration get_random - give arg types
src\main.c(7): warning:  #1296-D: extended constant initialiser used
compiling utils.c...
src\utils.h(9): warning:  #1295-D: Deprecated declaration get_random - give arg types
linking...
Lab1.axf: Error: L6200E: Symbol RANDOM_NUMBER_GENERATOR_m_w multiply defined (by utils.o and main.o).
Lab1.axf: Error: L6200E: Symbol RANDOM_NUMBER_GENERATOR_m_z multiply defined (by utils.o and main.o).
Target not created
Rebuild target 'Lab1'
assembling startup_LPC17xx.s...
compiling system_LPC17xx.c...
compiling uart_polling.c...
compiling main.c...
src\utils.h(9): warning:  #1295-D: Deprecated declaration get_random - give arg types
src\main.c(7): warning:  #1296-D: extended constant initialiser used
compiling utils.c...
src\utils.h(9): warning:  #1295-D: Deprecated declaration get_random - give arg types
linking...
Lab1.axf: Error: L6200E: Symbol RANDOM_NUMBER_GENERATOR_m_w multiply defined (by utils.o and main.o).
Lab1.axf: Error: L6200E: Symbol RANDOM_NUMBER_GENERATOR_m_z multiply defined (by utils.o and main.o).
Target not created
Rebuild target 'Lab1'
assembling startup_LPC17xx.s...
compiling system_LPC17xx.c...
compiling uart_polling.c...
compiling main.c...
src\utils.h(9): warning:  #1295-D: Deprecated declaration get_random - give arg types
src\main.c(7): warning:  #1296-D: extended constant initialiser used
compiling utils.c...
src\utils.h(9): warning:  #1295-D: Deprecated declaration get_random - give arg types
linking...
Lab1.axf: Error: L6200E: Symbol RANDOM_NUMBER_GENERATOR_m_w multiply defined (by utils.o and main.o).
Lab1.axf: Error: L6200E: Symbol RANDOM_NUMBER_GENERATOR_m_z multiply defined (by utils.o and main.o).
Target not created
Rebuild target 'Lab1'
assembling startup_LPC17xx.s...
compiling system_LPC17xx.c...
compiling uart_polling.c...
compiling main.c...
src\utils.h(9): warning:  #1295-D: Deprecated declaration get_random - give arg types
src\main.c(7): warning:  #1296-D: extended constant initialiser used
compiling utils.c...
src\utils.h(9): warning:  #1295-D: Deprecated declaration get_random - give arg types
linking...
Lab1.axf: Error: L6200E: Symbol RANDOM_NUMBER_GENERATOR_m_w multiply defined (by utils.o and main.o).
Lab1.axf: Error: L6200E: Symbol RANDOM_NUMBER_GENERATOR_m_z multiply defined (by utils.o and main.o).
Target not created
Rebuild target 'Lab1'
assembling startup_LPC17xx.s...
compiling system_LPC17xx.c...
compiling uart_polling.c...
compiling main.c...
src\utils.h(3): warning:  #1-D: last line of file ends without a newline
src\main.c(21): error:  #65: expected a ";"
src\main.c(70): warning:  #12-D: parsing restarts here after previous syntax error
src\main.c(72): warning:  #223-D: function "printDigit" declared implicitly
src\main.c(72): error:  #20: identifier "currentDigit" is undefined
src\main.c(73): warning:  #940-D: missing return statement at end of non-void function "pow"
src\main.c(7): warning:  #177-D: variable "free_mem" was declared but never referenced
src\main.c(15): warning:  #177-D: variable "pMaxNumberOfMemoryBlocksEverAllocated" was declared but never referenced
src\main.c(17): warning:  #177-D: variable "RANDOM_NUMBER_GENERATOR_m_w" was declared but never referenced
src\main.c(18): warning:  #177-D: variable "RANDOM_NUMBER_GENERATOR_m_z" was declared but never referenced
src\main.c(75): error:  #77-D: this declaration has no storage class or type specifier
src\main.c(75): error:  #65: expected a ";"
src\main.c(76): error:  #169: expected a declaration
src\main.c(128): warning:  #12-D: parsing restarts here after previous syntax error
src\main.c(130): error:  #169: expected a declaration
src\main.c(131): error:  #169: expected a declaration
src\main.c(155): warning:  #12-D: parsing restarts here after previous syntax error
src\main.c(157): error:  #77-D: this declaration has no storage class or type specifier
src\main.c(159): error:  #169: expected a declaration
src\main.c(160): error:  #169: expected a declaration
src\main.c(190): warning:  #12-D: parsing restarts here after previous syntax error
src\main.c(191): error:  #79: expected a type specifier
src\main.c(191): error:  #79: expected a type specifier
src\main.c(191): warning:  #77-D: this declaration has no storage class or type specifier
src\main.c(191): error:  #159: declaration is incompatible with previous "assert" (declared at line 21)
src\main.c(194): error:  #169: expected a declaration
src\main.c(221): warning:  #12-D: parsing restarts here after previous syntax error
src\main.c(222): error:  #77-D: this declaration has no storage class or type specifier
src\main.c(223): error:  #169: expected a declaration
src\main.c(248): warning:  #12-D: parsing restarts here after previous syntax error
src\main.c(249): error:  #79: expected a type specifier
src\main.c(249): error:  #79: expected a type specifier
src\main.c(249): warning:  #77-D: this declaration has no storage class or type specifier
src\main.c(250): error:  #79: expected a type specifier
src\main.c(250): warning:  #77-D: this declaration has no storage class or type specifier
src\main.c(251): error:  #79: expected a type specifier
src\main.c(251): error:  #79: expected a type specifier
src\main.c(251): warning:  #77-D: this declaration has no storage class or type specifier
src\main.c(252): error:  #79: expected a type specifier
src\main.c(252): warning:  #77-D: this declaration has no storage class or type specifier
src\main.c(253): error:  #79: expected a type specifier
src\main.c(253): error:  #79: expected a type specifier
src\main.c(253): warning:  #77-D: this declaration has no storage class or type specifier
src\main.c(254): error:  #79: expected a type specifier
src\main.c(254): warning:  #77-D: this declaration has no storage class or type specifier
src\main.c(255): error:  #79: expected a type specifier
src\main.c(255): error:  #79: expected a type specifier
src\main.c(255): warning:  #77-D: this declaration has no storage class or type specifier
src\main.c(257): error:  #169: expected a declaration
src\main.c(275): warning: At end of source:  #12-D: parsing restarts here after previous syntax error
compiling utils.c...
src\utils.h(3): warning:  #1-D: last line of file ends without a newline
src\utils.c(3): error:  #65: expected a ";"
src\utils.c(11): warning: At end of source:  #12-D: parsing restarts here after previous syntax error
src\utils.c(11): warning: At end of source:  #940-D: missing return statement at end of non-void function "pow"
src\utils.c(11): error: At end of source:  #67: expected a "}"
Target not created
Rebuild target 'Lab1'
assembling startup_LPC17xx.s...
compiling system_LPC17xx.c...
compiling uart_polling.c...
compiling main.c...
src\utils.h(3): error:  #141-D: unnamed prototyped parameters not allowed when body is present
src\main.c(6): error:  #130: expected a "{"
src\main.c(21): warning:  #12-D: parsing restarts here after previous syntax error
src\main.c(22): error:  #20: identifier "value" is undefined
src\main.c(24): error:  #20: identifier "message" is undefined
src\main.c(29): warning:  #940-D: missing return statement at end of non-void function "pow"
src\main.c(33): error:  #20: identifier "RANDOM_NUMBER_GENERATOR_m_z" is undefined
src\main.c(34): error:  #20: identifier "RANDOM_NUMBER_GENERATOR_m_w" is undefined
src\main.c(42): warning:  #223-D: function "assert" declared implicitly
src\main.c(92): error:  #20: identifier "free_mem" is undefined
src\main.c(96): error:  #20: identifier "free_mem" is undefined
src\main.c(115): error:  #20: identifier "pMaxNumberOfMemoryBlocksEverAllocated" is undefined
src\main.c(124): warning:  #223-D: function "assert" declared implicitly
src\main.c(136): error:  #20: identifier "free_mem" is undefined
src\main.c(143): warning:  #223-D: function "assert" declared implicitly
src\main.c(149): error:  #20: identifier "pMaxNumberOfMemoryBlocksEverAllocated" is undefined
src\main.c(150): warning:  #223-D: function "assert" declared implicitly
src\main.c(163): error:  #20: identifier "pMaxNumberOfMemoryBlocksEverAllocated" is undefined
src\main.c(163): error:  #20: identifier "free_mem" is undefined
src\main.c(183): warning:  #223-D: function "assert" declared implicitly
compiling utils.c...
src\utils.h(3): error:  #141-D: unnamed prototyped parameters not allowed when body is present
src\utils.c(3): error:  #130: expected a "{"
src\utils.c(5): error:  #20: identifier "exponent" is undefined
src\utils.c(8): error:  #20: identifier "base" is undefined
Target not created
Rebuild target 'Lab1'
assembling startup_LPC17xx.s...
compiling system_LPC17xx.c...
compiling uart_polling.c...
compiling main.c...
src\main.c(7): warning:  #1296-D: extended constant initialiser used
compiling utils.c...
linking...
Program Size: Code=2636 RO-data=308 RW-data=20 ZI-data=612  
"Lab1.axf" - 0 Error(s), 1 Warning(s).
Rebuild target 'Lab1'
assembling startup_LPC17xx.s...
compiling system_LPC17xx.c...
compiling uart_polling.c...
compiling main.c...
src\main.c(7): warning:  #1296-D: extended constant initialiser used
compiling utils.c...
linking...
Program Size: Code=2636 RO-data=308 RW-data=20 ZI-data=612  
"Lab1.axf" - 0 Error(s), 1 Warning(s).
Rebuild target 'Lab1'
assembling startup_LPC17xx.s...
compiling system_LPC17xx.c...
compiling uart_polling.c...
compiling main.c...
src\main.c(7): warning:  #1296-D: extended constant initialiser used
src\main.c(194): warning:  #223-D: function "get_random" declared implicitly
src\main.c(252): warning:  #223-D: function "get_random" declared implicitly
compiling utils.c...
linking...
Program Size: Code=2636 RO-data=308 RW-data=20 ZI-data=612  
"Lab1.axf" - 0 Error(s), 3 Warning(s).
Rebuild target 'Lab1'
assembling startup_LPC17xx.s...
compiling system_LPC17xx.c...
compiling uart_polling.c...
compiling main.c...
src\utils.h(5): warning:  #1-D: last line of file ends without a newline
src\utils.h(5): warning:  #1295-D: Deprecated declaration get_random - give arg types
src\main.c(7): warning:  #1296-D: extended constant initialiser used
compiling utils.c...
src\utils.h(5): warning:  #1-D: last line of file ends without a newline
src\utils.h(5): warning:  #1295-D: Deprecated declaration get_random - give arg types
linking...
Program Size: Code=2636 RO-data=308 RW-data=20 ZI-data=612  
"Lab1.axf" - 0 Error(s), 5 Warning(s).
Rebuild target 'Lab1'
assembling startup_LPC17xx.s...
compiling system_LPC17xx.c...
compiling uart_polling.c...
compiling main.c...
src\utils.h(5): warning:  #1-D: last line of file ends without a newline
src\main.c(7): warning:  #1296-D: extended constant initialiser used
compiling utils.c...
src\utils.h(5): warning:  #1-D: last line of file ends without a newline
linking...
Program Size: Code=2636 RO-data=308 RW-data=20 ZI-data=612  
"Lab1.axf" - 0 Error(s), 3 Warning(s).
Rebuild target 'Lab1'
assembling startup_LPC17xx.s...
compiling system_LPC17xx.c...
compiling uart_polling.c...
compiling main.c...
src\main.c(7): warning:  #1296-D: extended constant initialiser used
compiling utils.c...
linking...
Program Size: Code=2636 RO-data=308 RW-data=20 ZI-data=612  
"Lab1.axf" - 0 Error(s), 1 Warning(s).
Rebuild target 'Lab1'
assembling startup_LPC17xx.s...
compiling system_LPC17xx.c...
compiling uart_polling.c...
compiling main.c...
src\main.c(7): warning:  #1296-D: extended constant initialiser used
compiling utils.c...
linking...
Program Size: Code=2636 RO-data=308 RW-data=20 ZI-data=612  
"Lab1.axf" - 0 Error(s), 1 Warning(s).
Rebuild target 'Lab1'
assembling startup_LPC17xx.s...
compiling system_LPC17xx.c...
compiling uart_polling.c...
compiling main.c...
src\main.c(7): warning:  #1296-D: extended constant initialiser used
compiling utils.c...
linking...
Program Size: Code=2636 RO-data=308 RW-data=20 ZI-data=612  
"Lab1.axf" - 0 Error(s), 1 Warning(s).
Rebuild target 'Lab1'
assembling startup_LPC17xx.s...
compiling system_LPC17xx.c...
compiling uart_polling.c...
compiling main.c...
src\main.c(7): warning:  #1296-D: extended constant initialiser used
compiling utils.c...
linking...
Program Size: Code=2632 RO-data=308 RW-data=20 ZI-data=612  
"Lab1.axf" - 0 Error(s), 1 Warning(s).
Rebuild target 'Lab1'
assembling startup_LPC17xx.s...
compiling system_LPC17xx.c...
compiling uart_polling.c...
compiling main.c...
src\main.c(7): warning:  #1296-D: extended constant initialiser used
compiling utils.c...
src\utils.c(5): warning:  #223-D: function "uart0_put_string" declared implicitly
linking...
Lab1.axf: Error: L6218E: Undefined symbol uart0_put_string (referred from utils.o).
Target not created
Rebuild target 'Lab1'
assembling startup_LPC17xx.s...
compiling system_LPC17xx.c...
compiling uart_polling.c...
compiling main.c...
src\main.c(7): warning:  #1296-D: extended constant initialiser used
src\main.c(23): warning:  #223-D: function "uart0_put_string" declared implicitly
src\main.c(59): warning:  #223-D: function "uart0_put_string" declared implicitly
src\main.c(209): warning:  #223-D: function "uart0_put_string" declared implicitly
src\main.c(243): warning:  #223-D: function "uart0_init" declared implicitly
src\main.c(244): warning:  #223-D: function "uart0_put_string" declared implicitly
compiling utils.c...
linking...
Lab1.axf: Error: L6218E: Undefined symbol uart0_init (referred from main.o).
Lab1.axf: Error: L6218E: Undefined symbol uart0_put_string (referred from main.o).
Target not created
Rebuild target 'Lab1'
assembling startup_LPC17xx.s...
compiling system_LPC17xx.c...
compiling uart_polling.c...
compiling main.c...
src\main.c(6): warning:  #1296-D: extended constant initialiser used
src\main.c(22): warning:  #223-D: function "uart0_put_string" declared implicitly
src\main.c(58): warning:  #223-D: function "uart0_put_string" declared implicitly
src\main.c(208): warning:  #223-D: function "uart0_put_string" declared implicitly
src\main.c(242): warning:  #223-D: function "uart0_init" declared implicitly
src\main.c(243): warning:  #223-D: function "uart0_put_string" declared implicitly
compiling utils.c...
linking...
Lab1.axf: Error: L6218E: Undefined symbol uart0_init (referred from main.o).
Lab1.axf: Error: L6218E: Undefined symbol uart0_put_string (referred from main.o).
Target not created
Rebuild target 'Lab1'
assembling startup_LPC17xx.s...
compiling system_LPC17xx.c...
compiling uart_polling.c...
compiling main.c...
src\utils.h(1): error:  #3: #include file "src\utils.h" includes itself
compiling utils.c...
Target not created
Rebuild target 'Lab1'
assembling startup_LPC17xx.s...
compiling system_LPC17xx.c...
compiling uart_polling.c...
compiling main.c...
src\main.c(6): warning:  #1296-D: extended constant initialiser used
compiling utils.c...
linking...
Program Size: Code=2632 RO-data=308 RW-data=20 ZI-data=612  
"Lab1.axf" - 0 Error(s), 1 Warning(s).
Rebuild target 'Lab1'
assembling startup_LPC17xx.s...
compiling system_LPC17xx.c...
compiling uart_polling.c...
compiling main.c...
src\main.c(6): warning:  #1296-D: extended constant initialiser used
compiling utils.c...
linking...
Program Size: Code=2632 RO-data=308 RW-data=20 ZI-data=612  
"Lab1.axf" - 0 Error(s), 1 Warning(s).
Rebuild target 'Lab1'
assembling startup_LPC17xx.s...
compiling system_LPC17xx.c...
compiling uart_polling.c...
compiling main.c...
src\utils.h(12): warning:  #1-D: last line of file ends without a newline
src\main.c(6): warning:  #1296-D: extended constant initialiser used
compiling utils.c...
src\utils.h(12): warning:  #1-D: last line of file ends without a newline
linking...
Program Size: Code=2632 RO-data=308 RW-data=20 ZI-data=612  
"Lab1.axf" - 0 Error(s), 3 Warning(s).
Rebuild target 'Lab1'
assembling startup_LPC17xx.s...
compiling system_LPC17xx.c...
compiling uart_polling.c...
compiling main.c...
src\main.c(6): warning:  #1296-D: extended constant initialiser used
compiling utils.c...
linking...
Program Size: Code=2632 RO-data=308 RW-data=20 ZI-data=612  
"Lab1.axf" - 0 Error(s), 1 Warning(s).
Rebuild target 'Lab1'
assembling startup_LPC17xx.s...
compiling system_LPC17xx.c...
compiling uart_polling.c...
compiling main.c...
src\main.c(6): warning:  #1296-D: extended constant initialiser used
compiling utils.c...
linking...
Program Size: Code=2632 RO-data=308 RW-data=20 ZI-data=612  
"Lab1.axf" - 0 Error(s), 1 Warning(s).
Rebuild target 'Lab1'
assembling startup_LPC17xx.s...
compiling system_LPC17xx.c...
compiling uart_polling.c...
compiling main.c...
src\main.c(6): warning:  #1296-D: extended constant initialiser used
compiling utils.c...
linking...
Program Size: Code=2632 RO-data=308 RW-data=20 ZI-data=612  
"Lab1.axf" - 0 Error(s), 1 Warning(s).
Rebuild target 'Lab1'
assembling startup_LPC17xx.s...
compiling system_LPC17xx.c...
compiling uart_polling.c...
compiling main.c...
src\main.c(6): warning:  #1296-D: extended constant initialiser used
compiling utils.c...
linking...
Program Size: Code=2632 RO-data=308 RW-data=20 ZI-data=612  
"Lab1.axf" - 0 Error(s), 1 Warning(s).
Rebuild target 'Lab1'
assembling startup_LPC17xx.s...
compiling system_LPC17xx.c...
compiling uart_polling.c...
compiling main.c...
src\main.c(6): warning:  #1296-D: extended constant initialiser used
compiling utils.c...
linking...
Program Size: Code=2632 RO-data=308 RW-data=20 ZI-data=612  
"Lab1.axf" - 0 Error(s), 1 Warning(s).
Rebuild target 'Lab1'
assembling startup_LPC17xx.s...
compiling system_LPC17xx.c...
compiling uart_polling.c...
compiling main.c...
src\main.c(6): warning:  #1296-D: extended constant initialiser used
compiling utils.c...
linking...
Program Size: Code=2632 RO-data=308 RW-data=20 ZI-data=612  
"Lab1.axf" - 0 Error(s), 1 Warning(s).
Clean started: Project: 'mem'
   deleting intermediate output files for target 'Lab1'
Rebuild target 'Lab1'
assembling startup_LPC17xx.s...
compiling system_LPC17xx.c...
compiling uart_polling.c...
compiling main.c...
src\main.c(6): warning:  #1296-D: extended constant initialiser used
compiling utils.c...
linking...
Program Size: Code=2632 RO-data=308 RW-data=20 ZI-data=612  
"Lab1.axf" - 0 Error(s), 1 Warning(s).
Clean started: Project: 'mem'
   deleting intermediate output files for target 'Lab1'
